[2021-02-10T21:01:51.498+0000][0.015s] Heap region size: 1M
[2021-02-10T21:01:51.608+0000][0.125s] Using G1
[2021-02-10T21:01:51.608+0000][0.125s] Heap address: 0x00000000e0000000, size: 512 MB, Compressed Oops mode: 32-bit
[2021-02-10T21:01:51.609+0000][0.126s] Mark closed archive regions in map: [0x00000000fff00000, 0x00000000fff63ff8]
[2021-02-10T21:01:51.609+0000][0.126s] Mark open archive regions in map: [0x00000000ffe00000, 0x00000000ffe41ff8]
[2021-02-10T21:01:52.336+0000][0.853s] GC(0) Pause Young (Normal) (G1 Evacuation Pause)
[2021-02-10T21:01:52.339+0000][0.856s] GC(0) Using 8 workers of 8 for evacuation
[2021-02-10T21:01:52.353+0000][0.870s] GC(0)   Pre Evacuate Collection Set: 0.0ms
[2021-02-10T21:01:52.353+0000][0.870s] GC(0)   Evacuate Collection Set: 9.7ms
[2021-02-10T21:01:52.353+0000][0.870s] GC(0)   Post Evacuate Collection Set: 1.0ms
[2021-02-10T21:01:52.353+0000][0.870s] GC(0)   Other: 5.9ms
[2021-02-10T21:01:52.353+0000][0.870s] GC(0) Eden regions: 30->0(304)
[2021-02-10T21:01:52.354+0000][0.870s] GC(0) Survivor regions: 0->3(4)
[2021-02-10T21:01:52.354+0000][0.871s] GC(0) Old regions: 2->2
[2021-02-10T21:01:52.354+0000][0.871s] GC(0) Humongous regions: 0->0
[2021-02-10T21:01:52.354+0000][0.871s] GC(0) Metaspace: 6373K->6373K(1056768K)
[2021-02-10T21:01:52.354+0000][0.871s] GC(0) Pause Young (Normal) (G1 Evacuation Pause) 30M->3M(512M) 18.024ms
[2021-02-10T21:01:52.354+0000][0.871s] GC(0) User=0.06s Sys=0.00s Real=0.02s
[2021-02-10T21:01:54.116+0000][2.633s] GC(1) Pause Young (Concurrent Start) (Metadata GC Threshold)
[2021-02-10T21:01:54.117+0000][2.634s] GC(1) Using 8 workers of 8 for evacuation
[2021-02-10T21:01:54.145+0000][2.662s] GC(1)   Pre Evacuate Collection Set: 0.1ms
[2021-02-10T21:01:54.145+0000][2.662s] GC(1)   Evacuate Collection Set: 18.6ms
[2021-02-10T21:01:54.146+0000][2.663s] GC(1)   Post Evacuate Collection Set: 9.2ms
[2021-02-10T21:01:54.146+0000][2.663s] GC(1)   Other: 1.1ms
[2021-02-10T21:01:54.146+0000][2.663s] GC(1) Eden regions: 103->0(87)
[2021-02-10T21:01:54.146+0000][2.663s] GC(1) Survivor regions: 3->19(39)
[2021-02-10T21:01:54.146+0000][2.663s] GC(1) Old regions: 2->2
[2021-02-10T21:01:54.147+0000][2.664s] GC(1) Humongous regions: 4->4
[2021-02-10T21:01:54.147+0000][2.664s] GC(1) Metaspace: 20426K->20426K(1067008K)
[2021-02-10T21:01:54.147+0000][2.664s] GC(1) Pause Young (Concurrent Start) (Metadata GC Threshold) 109M->23M(512M) 30.768ms
[2021-02-10T21:01:54.147+0000][2.664s] GC(1) User=0.11s Sys=0.00s Real=0.03s
[2021-02-10T21:01:54.147+0000][2.664s] GC(2) Concurrent Cycle
[2021-02-10T21:01:54.148+0000][2.665s] GC(2) Concurrent Clear Claimed Marks
[2021-02-10T21:01:54.148+0000][2.665s] GC(2) Concurrent Clear Claimed Marks 0.239ms
[2021-02-10T21:01:54.148+0000][2.665s] GC(2) Concurrent Scan Root Regions
[2021-02-10T21:01:54.158+0000][2.675s] GC(2) Concurrent Scan Root Regions 9.783ms
[2021-02-10T21:01:54.158+0000][2.675s] GC(2) Concurrent Mark (2.675s)
[2021-02-10T21:01:54.159+0000][2.675s] GC(2) Concurrent Mark From Roots
[2021-02-10T21:01:54.159+0000][2.676s] GC(2) Using 2 workers of 2 for marking
[2021-02-10T21:01:54.173+0000][2.690s] GC(2) Concurrent Mark From Roots 14.374ms
[2021-02-10T21:01:54.173+0000][2.690s] GC(2) Concurrent Preclean
[2021-02-10T21:01:54.174+0000][2.691s] GC(2) Concurrent Preclean 0.614ms
[2021-02-10T21:01:54.174+0000][2.691s] GC(2) Concurrent Mark (2.675s, 2.691s) 16.003ms
[2021-02-10T21:01:54.175+0000][2.692s] GC(2) Pause Remark
[2021-02-10T21:01:54.197+0000][2.714s] GC(2) Cleaned string and symbol table, strings: 8941 processed, 0 removed, symbols: 60671 processed, 40 removed
[2021-02-10T21:01:54.197+0000][2.714s] GC(2) Pause Remark 24M->24M(512M) 22.412ms
[2021-02-10T21:01:54.197+0000][2.714s] GC(2) User=0.08s Sys=0.00s Real=0.02s
[2021-02-10T21:01:54.198+0000][2.715s] GC(2) Concurrent Rebuild Remembered Sets
[2021-02-10T21:01:54.203+0000][2.720s] GC(2) Concurrent Rebuild Remembered Sets 4.800ms
[2021-02-10T21:01:54.203+0000][2.720s] GC(2) Pause Cleanup
[2021-02-10T21:01:54.204+0000][2.721s] GC(2) Pause Cleanup 24M->24M(512M) 0.541ms
[2021-02-10T21:01:54.204+0000][2.721s] GC(2) User=0.01s Sys=0.00s Real=0.00s
[2021-02-10T21:01:54.204+0000][2.721s] GC(2) Concurrent Cleanup for Next Mark
[2021-02-10T21:01:54.207+0000][2.724s] GC(2) Concurrent Cleanup for Next Mark 2.099ms
[2021-02-10T21:01:54.207+0000][2.724s] GC(2) Concurrent Cycle 59.653ms
[2021-02-10T21:01:55.705+0000][4.222s] GC(3) Pause Young (Concurrent Start) (G1 Evacuation Pause)
[2021-02-10T21:01:55.706+0000][4.222s] GC(3) Using 8 workers of 8 for evacuation
[2021-02-10T21:01:55.733+0000][4.250s] GC(3)   Pre Evacuate Collection Set: 0.1ms
[2021-02-10T21:01:55.733+0000][4.250s] GC(3)   Evacuate Collection Set: 26.3ms
[2021-02-10T21:01:55.734+0000][4.251s] GC(3)   Post Evacuate Collection Set: 1.0ms
[2021-02-10T21:01:55.734+0000][4.251s] GC(3)   Other: 0.8ms
[2021-02-10T21:01:55.734+0000][4.251s] GC(3) Eden regions: 72->0(112)
[2021-02-10T21:01:55.734+0000][4.251s] GC(3) Survivor regions: 19->5(12)
[2021-02-10T21:01:55.734+0000][4.251s] GC(3) Old regions: 2->21
[2021-02-10T21:01:55.734+0000][4.251s] GC(3) Humongous regions: 4->4
[2021-02-10T21:01:55.734+0000][4.251s] GC(3) Metaspace: 29402K->29402K(1075200K)
[2021-02-10T21:01:55.734+0000][4.251s] GC(3) Pause Young (Concurrent Start) (G1 Evacuation Pause) 95M->27M(512M) 29.372ms
[2021-02-10T21:01:55.735+0000][4.252s] GC(3) User=0.13s Sys=0.00s Real=0.03s
[2021-02-10T21:01:55.735+0000][4.252s] GC(4) Concurrent Cycle
[2021-02-10T21:01:55.735+0000][4.252s] GC(4) Concurrent Clear Claimed Marks
[2021-02-10T21:01:55.735+0000][4.252s] GC(4) Concurrent Clear Claimed Marks 0.299ms
[2021-02-10T21:01:55.735+0000][4.252s] GC(4) Concurrent Scan Root Regions
[2021-02-10T21:01:55.738+0000][4.255s] GC(4) Concurrent Scan Root Regions 2.860ms
[2021-02-10T21:01:55.739+0000][4.256s] GC(4) Concurrent Mark (4.256s)
[2021-02-10T21:01:55.739+0000][4.256s] GC(4) Concurrent Mark From Roots
[2021-02-10T21:01:55.739+0000][4.256s] GC(4) Using 2 workers of 2 for marking
[2021-02-10T21:01:55.765+0000][4.282s] GC(4) Concurrent Mark From Roots 26.465ms
[2021-02-10T21:01:55.766+0000][4.283s] GC(4) Concurrent Preclean
[2021-02-10T21:01:55.766+0000][4.283s] GC(4) Concurrent Preclean 0.552ms
[2021-02-10T21:01:55.766+0000][4.283s] GC(4) Concurrent Mark (4.256s, 4.283s) 27.734ms
[2021-02-10T21:01:55.767+0000][4.284s] GC(4) Pause Remark
[2021-02-10T21:01:55.777+0000][4.294s] GC(4) Cleaned string and symbol table, strings: 13108 processed, 0 removed, symbols: 86634 processed, 65 removed
[2021-02-10T21:01:55.778+0000][4.295s] GC(4) Pause Remark 29M->29M(512M) 11.181ms
[2021-02-10T21:01:55.779+0000][4.296s] GC(4) User=0.04s Sys=0.00s Real=0.01s
[2021-02-10T21:01:55.779+0000][4.296s] GC(4) Concurrent Rebuild Remembered Sets
[2021-02-10T21:01:55.790+0000][4.307s] GC(4) Concurrent Rebuild Remembered Sets 11.106ms
[2021-02-10T21:01:55.791+0000][4.308s] GC(4) Pause Cleanup
[2021-02-10T21:01:55.791+0000][4.308s] GC(4) Pause Cleanup 30M->30M(512M) 0.406ms
[2021-02-10T21:01:55.792+0000][4.308s] GC(4) User=0.00s Sys=0.00s Real=0.00s
[2021-02-10T21:01:55.792+0000][4.309s] GC(4) Concurrent Cleanup for Next Mark
[2021-02-10T21:01:55.793+0000][4.310s] GC(4) Concurrent Cleanup for Next Mark 1.698ms
[2021-02-10T21:01:55.794+0000][4.311s] GC(4) Concurrent Cycle 59.084ms
[2021-02-10T21:01:56.693+0000][5.210s] GC(5) Pause Young (Normal) (G1 Evacuation Pause)
[2021-02-10T21:01:56.693+0000][5.210s] GC(5) Using 8 workers of 8 for evacuation
[2021-02-10T21:01:56.712+0000][5.229s] GC(5)   Pre Evacuate Collection Set: 0.0ms
[2021-02-10T21:01:56.712+0000][5.229s] GC(5)   Evacuate Collection Set: 10.9ms
[2021-02-10T21:01:56.712+0000][5.229s] GC(5)   Post Evacuate Collection Set: 7.5ms
[2021-02-10T21:01:56.713+0000][5.230s] GC(5)   Other: 0.7ms
[2021-02-10T21:01:56.713+0000][5.230s] GC(5) Eden regions: 112->0(171)
[2021-02-10T21:01:56.713+0000][5.230s] GC(5) Survivor regions: 5->7(15)
[2021-02-10T21:01:56.713+0000][5.230s] GC(5) Old regions: 21->21
[2021-02-10T21:01:56.713+0000][5.230s] GC(5) Humongous regions: 4->4
[2021-02-10T21:01:56.713+0000][5.230s] GC(5) Metaspace: 34573K->34573K(1081344K)
[2021-02-10T21:01:56.714+0000][5.231s] GC(5) Pause Young (Normal) (G1 Evacuation Pause) 139M->29M(512M) 20.545ms
[2021-02-10T21:01:56.714+0000][5.231s] GC(5) User=0.10s Sys=0.01s Real=0.02s
[2021-02-10T21:01:58.987+0000][7.504s] GC(6) Pause Young (Normal) (G1 Evacuation Pause)
[2021-02-10T21:01:58.988+0000][7.505s] GC(6) Using 8 workers of 8 for evacuation
[2021-02-10T21:01:59.022+0000][7.539s] GC(6)   Pre Evacuate Collection Set: 0.0ms
[2021-02-10T21:01:59.022+0000][7.539s] GC(6)   Evacuate Collection Set: 32.7ms
[2021-02-10T21:01:59.022+0000][7.539s] GC(6)   Post Evacuate Collection Set: 1.1ms
[2021-02-10T21:01:59.023+0000][7.540s] GC(6)   Other: 0.9ms
[2021-02-10T21:01:59.023+0000][7.540s] GC(6) Eden regions: 171->0(298)
[2021-02-10T21:01:59.023+0000][7.540s] GC(6) Survivor regions: 7->9(23)
[2021-02-10T21:01:59.023+0000][7.540s] GC(6) Old regions: 21->21
[2021-02-10T21:01:59.023+0000][7.540s] GC(6) Humongous regions: 5->4
[2021-02-10T21:01:59.023+0000][7.540s] GC(6) Metaspace: 39528K->39528K(1085440K)
[2021-02-10T21:01:59.024+0000][7.541s] GC(6) Pause Young (Normal) (G1 Evacuation Pause) 201M->31M(512M) 36.604ms
[2021-02-10T21:01:59.024+0000][7.541s] GC(6) User=0.13s Sys=0.00s Real=0.03s
[2021-02-10T21:02:43.468+0000][51.985s] GC(7) Pause Young (Normal) (G1 Evacuation Pause)
[2021-02-10T21:02:43.468+0000][51.985s] GC(7) Using 8 workers of 8 for evacuation
[2021-02-10T21:02:43.494+0000][52.011s] GC(7)   Pre Evacuate Collection Set: 0.0ms
[2021-02-10T21:02:43.494+0000][52.011s] GC(7)   Evacuate Collection Set: 23.4ms
[2021-02-10T21:02:43.494+0000][52.011s] GC(7)   Post Evacuate Collection Set: 1.1ms
[2021-02-10T21:02:43.494+0000][52.011s] GC(7)   Other: 1.1ms
[2021-02-10T21:02:43.494+0000][52.011s] GC(7) Eden regions: 298->0(290)
[2021-02-10T21:02:43.494+0000][52.011s] GC(7) Survivor regions: 9->17(39)
[2021-02-10T21:02:43.495+0000][52.012s] GC(7) Old regions: 21->21
[2021-02-10T21:02:43.495+0000][52.012s] GC(7) Humongous regions: 4->4
[2021-02-10T21:02:43.495+0000][52.012s] GC(7) Metaspace: 46206K->46206K(1091584K)
[2021-02-10T21:02:43.495+0000][52.012s] GC(7) Pause Young (Normal) (G1 Evacuation Pause) 329M->39M(512M) 27.165ms
[2021-02-10T21:02:43.495+0000][52.012s] GC(7) User=0.19s Sys=0.01s Real=0.03s
[2021-02-10T21:04:03.962+0000][132.479s] GC(8) Pause Young (Normal) (G1 Evacuation Pause)
[2021-02-10T21:04:03.962+0000][132.479s] GC(8) Using 8 workers of 8 for evacuation
[2021-02-10T21:04:03.991+0000][132.508s] GC(8)   Pre Evacuate Collection Set: 0.0ms
[2021-02-10T21:04:03.992+0000][132.509s] GC(8)   Evacuate Collection Set: 19.9ms
[2021-02-10T21:04:03.992+0000][132.509s] GC(8)   Post Evacuate Collection Set: 8.7ms
[2021-02-10T21:04:03.992+0000][132.509s] GC(8)   Other: 0.8ms
[2021-02-10T21:04:03.992+0000][132.509s] GC(8) Eden regions: 290->0(287)
[2021-02-10T21:04:03.993+0000][132.510s] GC(8) Survivor regions: 17->20(39)
[2021-02-10T21:04:03.993+0000][132.510s] GC(8) Old regions: 21->21
[2021-02-10T21:04:03.993+0000][132.510s] GC(8) Humongous regions: 4->4
[2021-02-10T21:04:03.993+0000][132.510s] GC(8) Metaspace: 47091K->47091K(1091584K)
[2021-02-10T21:04:03.993+0000][132.510s] GC(8) Pause Young (Normal) (G1 Evacuation Pause) 329M->42M(512M) 31.333ms
[2021-02-10T21:04:03.993+0000][132.510s] GC(8) User=0.20s Sys=0.02s Real=0.03s
[2021-02-10T21:05:07.980+0000][196.497s] GC(9) Pause Young (Normal) (G1 Evacuation Pause)
[2021-02-10T21:05:07.981+0000][196.498s] GC(9) Using 8 workers of 8 for evacuation
[2021-02-10T21:05:07.993+0000][196.510s] GC(9)   Pre Evacuate Collection Set: 0.1ms
[2021-02-10T21:05:07.994+0000][196.510s] GC(9)   Evacuate Collection Set: 9.3ms
[2021-02-10T21:05:07.994+0000][196.511s] GC(9)   Post Evacuate Collection Set: 2.7ms
[2021-02-10T21:05:07.994+0000][196.511s] GC(9)   Other: 1.0ms
[2021-02-10T21:05:07.995+0000][196.512s] GC(9) Eden regions: 287->0(286)
[2021-02-10T21:05:07.995+0000][196.512s] GC(9) Survivor regions: 20->21(39)
[2021-02-10T21:05:07.995+0000][196.512s] GC(9) Old regions: 21->21
[2021-02-10T21:05:07.996+0000][196.513s] GC(9) Humongous regions: 4->4
[2021-02-10T21:05:07.996+0000][196.513s] GC(9) Metaspace: 47388K->47388K(1091584K)
[2021-02-10T21:05:07.996+0000][196.513s] GC(9) Pause Young (Normal) (G1 Evacuation Pause) 329M->43M(512M) 16.311ms
[2021-02-10T21:05:07.997+0000][196.514s] GC(9) User=0.09s Sys=0.01s Real=0.02s
[2021-02-10T21:05:39.043+0000][227.560s] GC(10) Pause Young (Normal) (G1 Evacuation Pause)
[2021-02-10T21:05:39.043+0000][227.560s] GC(10) Using 8 workers of 8 for evacuation
[2021-02-10T21:05:39.069+0000][227.586s] GC(10)   Pre Evacuate Collection Set: 0.0ms
[2021-02-10T21:05:39.069+0000][227.586s] GC(10)   Evacuate Collection Set: 14.7ms
[2021-02-10T21:05:39.069+0000][227.586s] GC(10)   Post Evacuate Collection Set: 10.1ms
[2021-02-10T21:05:39.070+0000][227.587s] GC(10)   Other: 0.9ms
[2021-02-10T21:05:39.070+0000][227.587s] GC(10) Eden regions: 286->0(284)
[2021-02-10T21:05:39.070+0000][227.587s] GC(10) Survivor regions: 21->23(39)
[2021-02-10T21:05:39.071+0000][227.588s] GC(10) Old regions: 21->21
[2021-02-10T21:05:39.071+0000][227.588s] GC(10) Humongous regions: 4->4
[2021-02-10T21:05:39.071+0000][227.588s] GC(10) Metaspace: 47645K->47645K(1091584K)
[2021-02-10T21:05:39.072+0000][227.589s] GC(10) Pause Young (Normal) (G1 Evacuation Pause) 329M->45M(512M) 28.810ms
[2021-02-10T21:05:39.072+0000][227.589s] GC(10) User=0.20s Sys=0.00s Real=0.03s
[2021-02-10T21:05:47.209+0000][235.726s] GC(11) Pause Young (Normal) (G1 Evacuation Pause)
[2021-02-10T21:05:47.210+0000][235.727s] GC(11) Using 8 workers of 8 for evacuation
[2021-02-10T21:05:47.225+0000][235.742s] GC(11)   Pre Evacuate Collection Set: 0.0ms
[2021-02-10T21:05:47.227+0000][235.744s] GC(11)   Evacuate Collection Set: 10.7ms
[2021-02-10T21:05:47.228+0000][235.745s] GC(11)   Post Evacuate Collection Set: 4.4ms
[2021-02-10T21:05:47.229+0000][235.746s] GC(11)   Other: 0.9ms
[2021-02-10T21:05:47.230+0000][235.747s] GC(11) Eden regions: 284->0(290)
[2021-02-10T21:05:47.230+0000][235.747s] GC(11) Survivor regions: 23->17(39)
[2021-02-10T21:05:47.230+0000][235.747s] GC(11) Old regions: 21->24
[2021-02-10T21:05:47.231+0000][235.748s] GC(11) Humongous regions: 4->4
[2021-02-10T21:05:47.232+0000][235.749s] GC(11) Metaspace: 47753K->47753K(1091584K)
[2021-02-10T21:05:47.232+0000][235.749s] GC(11) Pause Young (Normal) (G1 Evacuation Pause) 329M->43M(512M) 22.824ms
[2021-02-10T21:05:47.233+0000][235.750s] GC(11) User=0.12s Sys=0.00s Real=0.02s
[2021-02-10T21:06:08.149+0000][256.666s] GC(12) Pause Young (Normal) (G1 Evacuation Pause)
[2021-02-10T21:06:08.149+0000][256.666s] GC(12) Using 8 workers of 8 for evacuation
[2021-02-10T21:06:08.161+0000][256.678s] GC(12)   Pre Evacuate Collection Set: 0.0ms
[2021-02-10T21:06:08.162+0000][256.679s] GC(12)   Evacuate Collection Set: 7.1ms
[2021-02-10T21:06:08.163+0000][256.680s] GC(12)   Post Evacuate Collection Set: 4.4ms
[2021-02-10T21:06:08.163+0000][256.680s] GC(12)   Other: 1.0ms
[2021-02-10T21:06:08.163+0000][256.680s] GC(12) Eden regions: 290->0(289)
[2021-02-10T21:06:08.164+0000][256.681s] GC(12) Survivor regions: 17->18(39)
[2021-02-10T21:06:08.164+0000][256.681s] GC(12) Old regions: 24->24
[2021-02-10T21:06:08.165+0000][256.682s] GC(12) Humongous regions: 4->4
[2021-02-10T21:06:08.165+0000][256.682s] GC(12) Metaspace: 47922K->47922K(1091584K)
[2021-02-10T21:06:08.165+0000][256.682s] GC(12) Pause Young (Normal) (G1 Evacuation Pause) 333M->43M(512M) 16.592ms
[2021-02-10T21:06:08.166+0000][256.683s] GC(12) User=0.06s Sys=0.00s Real=0.02s
[2021-02-10T21:06:48.614+0000][297.131s] GC(13) Pause Young (Normal) (G1 Evacuation Pause)
[2021-02-10T21:06:48.615+0000][297.132s] GC(13) Using 8 workers of 8 for evacuation
[2021-02-10T21:06:48.628+0000][297.145s] GC(13)   Pre Evacuate Collection Set: 0.0ms
[2021-02-10T21:06:48.629+0000][297.146s] GC(13)   Evacuate Collection Set: 7.3ms
[2021-02-10T21:06:48.629+0000][297.146s] GC(13)   Post Evacuate Collection Set: 5.9ms
[2021-02-10T21:06:48.630+0000][297.147s] GC(13)   Other: 1.0ms
[2021-02-10T21:06:48.630+0000][297.147s] GC(13) Eden regions: 289->0(287)
[2021-02-10T21:06:48.631+0000][297.148s] GC(13) Survivor regions: 18->20(39)
[2021-02-10T21:06:48.631+0000][297.148s] GC(13) Old regions: 24->24
[2021-02-10T21:06:48.632+0000][297.149s] GC(13) Humongous regions: 4->4
[2021-02-10T21:06:48.632+0000][297.149s] GC(13) Metaspace: 48065K->48065K(1093632K)
[2021-02-10T21:06:48.632+0000][297.149s] GC(13) Pause Young (Normal) (G1 Evacuation Pause) 332M->45M(512M) 18.323ms
[2021-02-10T21:06:48.633+0000][297.150s] GC(13) User=0.10s Sys=0.00s Real=0.02s
[2021-02-10T21:06:58.258+0000][306.775s] GC(14) Pause Young (Normal) (G1 Evacuation Pause)
[2021-02-10T21:06:58.259+0000][306.776s] GC(14) Using 8 workers of 8 for evacuation
[2021-02-10T21:06:58.273+0000][306.790s] GC(14)   Pre Evacuate Collection Set: 0.0ms
[2021-02-10T21:06:58.273+0000][306.790s] GC(14)   Evacuate Collection Set: 8.1ms
[2021-02-10T21:06:58.274+0000][306.791s] GC(14)   Post Evacuate Collection Set: 5.4ms
[2021-02-10T21:06:58.274+0000][306.791s] GC(14)   Other: 1.1ms
[2021-02-10T21:06:58.274+0000][306.791s] GC(14) Eden regions: 287->0(290)
[2021-02-10T21:06:58.275+0000][306.792s] GC(14) Survivor regions: 20->17(39)
[2021-02-10T21:06:58.275+0000][306.792s] GC(14) Old regions: 24->24
[2021-02-10T21:06:58.276+0000][306.793s] GC(14) Humongous regions: 4->4
[2021-02-10T21:06:58.276+0000][306.793s] GC(14) Metaspace: 48125K->48125K(1093632K)
[2021-02-10T21:06:58.276+0000][306.793s] GC(14) Pause Young (Normal) (G1 Evacuation Pause) 332M->43M(512M) 18.190ms
[2021-02-10T21:06:58.277+0000][306.794s] GC(14) User=0.11s Sys=0.00s Real=0.02s
[2021-02-10T21:08:02.187+0000][370.704s] GC(15) Pause Young (Normal) (G1 Evacuation Pause)
[2021-02-10T21:08:02.188+0000][370.705s] GC(15) Using 8 workers of 8 for evacuation
[2021-02-10T21:08:02.204+0000][370.721s] GC(15)   Pre Evacuate Collection Set: 0.0ms
[2021-02-10T21:08:02.205+0000][370.722s] GC(15)   Evacuate Collection Set: 10.2ms
[2021-02-10T21:08:02.205+0000][370.722s] GC(15)   Post Evacuate Collection Set: 5.6ms
[2021-02-10T21:08:02.206+0000][370.723s] GC(15)   Other: 1.3ms
[2021-02-10T21:08:02.206+0000][370.723s] GC(15) Eden regions: 290->0(288)
[2021-02-10T21:08:02.207+0000][370.724s] GC(15) Survivor regions: 17->19(39)
[2021-02-10T21:08:02.207+0000][370.724s] GC(15) Old regions: 24->24
[2021-02-10T21:08:02.208+0000][370.725s] GC(15) Humongous regions: 4->4
[2021-02-10T21:08:02.208+0000][370.725s] GC(15) Metaspace: 48251K->48251K(1093632K)
[2021-02-10T21:08:02.209+0000][370.726s] GC(15) Pause Young (Normal) (G1 Evacuation Pause) 333M->44M(512M) 21.599ms
[2021-02-10T21:08:02.209+0000][370.726s] GC(15) User=0.10s Sys=0.02s Real=0.02s
[2021-02-10T21:08:17.644+0000][386.161s] GC(16) Pause Young (Normal) (G1 Evacuation Pause)
[2021-02-10T21:08:17.645+0000][386.162s] GC(16) Using 8 workers of 8 for evacuation
[2021-02-10T21:08:17.660+0000][386.177s] GC(16)   Pre Evacuate Collection Set: 0.1ms
[2021-02-10T21:08:17.660+0000][386.177s] GC(16)   Evacuate Collection Set: 8.7ms
[2021-02-10T21:08:17.661+0000][386.178s] GC(16)   Post Evacuate Collection Set: 5.8ms
[2021-02-10T21:08:17.661+0000][386.178s] GC(16)   Other: 1.3ms
[2021-02-10T21:08:17.662+0000][386.179s] GC(16) Eden regions: 288->0(290)
[2021-02-10T21:08:17.662+0000][386.179s] GC(16) Survivor regions: 19->17(39)
[2021-02-10T21:08:17.663+0000][386.180s] GC(16) Old regions: 24->24
[2021-02-10T21:08:17.663+0000][386.180s] GC(16) Humongous regions: 4->4
[2021-02-10T21:08:17.663+0000][386.180s] GC(16) Metaspace: 48312K->48312K(1093632K)
[2021-02-10T21:08:17.664+0000][386.181s] GC(16) Pause Young (Normal) (G1 Evacuation Pause) 332M->43M(512M) 19.689ms
[2021-02-10T21:08:17.664+0000][386.181s] GC(16) User=0.09s Sys=0.01s Real=0.02s
[2021-02-10T21:08:33.658+0000][402.175s] GC(17) Pause Young (Normal) (G1 Evacuation Pause)
[2021-02-10T21:08:33.659+0000][402.176s] GC(17) Using 8 workers of 8 for evacuation
[2021-02-10T21:08:33.670+0000][402.187s] GC(17)   Pre Evacuate Collection Set: 0.0ms
[2021-02-10T21:08:33.670+0000][402.187s] GC(17)   Evacuate Collection Set: 8.0ms
[2021-02-10T21:08:33.671+0000][402.188s] GC(17)   Post Evacuate Collection Set: 2.5ms
[2021-02-10T21:08:33.671+0000][402.188s] GC(17)   Other: 1.1ms
[2021-02-10T21:08:33.672+0000][402.189s] GC(17) Eden regions: 290->0(288)
[2021-02-10T21:08:33.672+0000][402.189s] GC(17) Survivor regions: 17->19(39)
[2021-02-10T21:08:33.673+0000][402.190s] GC(17) Old regions: 24->24
[2021-02-10T21:08:33.674+0000][402.191s] GC(17) Humongous regions: 4->4
[2021-02-10T21:08:33.675+0000][402.192s] GC(17) Metaspace: 48628K->48628K(1093632K)
[2021-02-10T21:08:33.675+0000][402.192s] GC(17) Pause Young (Normal) (G1 Evacuation Pause) 333M->45M(512M) 16.709ms
[2021-02-10T21:08:33.675+0000][402.192s] GC(17) User=0.08s Sys=0.00s Real=0.02s
