[2021-02-10T21:00:30.477+0000][0.017s] Heap region size: 1M
[2021-02-10T21:00:30.623+0000][0.162s] Using G1
[2021-02-10T21:00:30.623+0000][0.163s] Heap address: 0x00000000e0000000, size: 512 MB, Compressed Oops mode: 32-bit
[2021-02-10T21:00:30.624+0000][0.163s] Mark closed archive regions in map: [0x00000000fff00000, 0x00000000fff63ff8]
[2021-02-10T21:00:30.624+0000][0.164s] Mark open archive regions in map: [0x00000000ffe00000, 0x00000000ffe41ff8]
[2021-02-10T21:00:31.613+0000][1.153s] GC(0) Pause Young (Normal) (G1 Evacuation Pause)
[2021-02-10T21:00:31.617+0000][1.157s] GC(0) Using 8 workers of 8 for evacuation
[2021-02-10T21:00:31.631+0000][1.171s] GC(0)   Pre Evacuate Collection Set: 0.0ms
[2021-02-10T21:00:31.632+0000][1.171s] GC(0)   Evacuate Collection Set: 10.6ms
[2021-02-10T21:00:31.632+0000][1.171s] GC(0)   Post Evacuate Collection Set: 1.0ms
[2021-02-10T21:00:31.632+0000][1.171s] GC(0)   Other: 6.4ms
[2021-02-10T21:00:31.632+0000][1.171s] GC(0) Eden regions: 30->0(304)
[2021-02-10T21:00:31.632+0000][1.172s] GC(0) Survivor regions: 0->3(4)
[2021-02-10T21:00:31.632+0000][1.172s] GC(0) Old regions: 2->2
[2021-02-10T21:00:31.632+0000][1.172s] GC(0) Humongous regions: 0->0
[2021-02-10T21:00:31.632+0000][1.172s] GC(0) Metaspace: 6396K->6396K(1056768K)
[2021-02-10T21:00:31.633+0000][1.172s] GC(0) Pause Young (Normal) (G1 Evacuation Pause) 30M->3M(512M) 19.232ms
[2021-02-10T21:00:31.633+0000][1.172s] GC(0) User=0.07s Sys=0.01s Real=0.02s
[2021-02-10T21:00:34.051+0000][3.590s] GC(1) Pause Young (Concurrent Start) (Metadata GC Threshold)
[2021-02-10T21:00:34.051+0000][3.591s] GC(1) Using 8 workers of 8 for evacuation
[2021-02-10T21:00:34.078+0000][3.618s] GC(1)   Pre Evacuate Collection Set: 0.1ms
[2021-02-10T21:00:34.079+0000][3.618s] GC(1)   Evacuate Collection Set: 17.7ms
[2021-02-10T21:00:34.079+0000][3.618s] GC(1)   Post Evacuate Collection Set: 9.1ms
[2021-02-10T21:00:34.079+0000][3.619s] GC(1)   Other: 1.0ms
[2021-02-10T21:00:34.079+0000][3.619s] GC(1) Eden regions: 103->0(87)
[2021-02-10T21:00:34.079+0000][3.619s] GC(1) Survivor regions: 3->19(39)
[2021-02-10T21:00:34.080+0000][3.619s] GC(1) Old regions: 2->2
[2021-02-10T21:00:34.080+0000][3.619s] GC(1) Humongous regions: 4->4
[2021-02-10T21:00:34.080+0000][3.619s] GC(1) Metaspace: 20374K->20374K(1067008K)
[2021-02-10T21:00:34.080+0000][3.619s] GC(1) Pause Young (Concurrent Start) (Metadata GC Threshold) 110M->23M(512M) 29.265ms
[2021-02-10T21:00:34.080+0000][3.620s] GC(1) User=0.12s Sys=0.00s Real=0.03s
[2021-02-10T21:00:34.080+0000][3.620s] GC(2) Concurrent Cycle
[2021-02-10T21:00:34.081+0000][3.620s] GC(2) Concurrent Clear Claimed Marks
[2021-02-10T21:00:34.081+0000][3.620s] GC(2) Concurrent Clear Claimed Marks 0.341ms
[2021-02-10T21:00:34.081+0000][3.621s] GC(2) Concurrent Scan Root Regions
[2021-02-10T21:00:34.090+0000][3.630s] GC(2) Concurrent Scan Root Regions 9.046ms
[2021-02-10T21:00:34.091+0000][3.630s] GC(2) Concurrent Mark (3.630s)
[2021-02-10T21:00:34.091+0000][3.630s] GC(2) Concurrent Mark From Roots
[2021-02-10T21:00:34.091+0000][3.630s] GC(2) Using 2 workers of 2 for marking
[2021-02-10T21:00:34.104+0000][3.644s] GC(2) Concurrent Mark From Roots 13.410ms
[2021-02-10T21:00:34.105+0000][3.644s] GC(2) Concurrent Preclean
[2021-02-10T21:00:34.105+0000][3.645s] GC(2) Concurrent Preclean 0.830ms
[2021-02-10T21:00:34.106+0000][3.645s] GC(2) Concurrent Mark (3.630s, 3.645s) 15.055ms
[2021-02-10T21:00:34.106+0000][3.646s] GC(2) Pause Remark
[2021-02-10T21:00:34.111+0000][3.650s] GC(2) Cleaned string and symbol table, strings: 8929 processed, 0 removed, symbols: 60654 processed, 37 removed
[2021-02-10T21:00:34.111+0000][3.651s] GC(2) Pause Remark 24M->24M(512M) 4.969ms
[2021-02-10T21:00:34.111+0000][3.651s] GC(2) User=0.02s Sys=0.00s Real=0.00s
[2021-02-10T21:00:34.112+0000][3.651s] GC(2) Concurrent Rebuild Remembered Sets
[2021-02-10T21:00:34.114+0000][3.654s] GC(2) Concurrent Rebuild Remembered Sets 2.544ms
[2021-02-10T21:00:34.115+0000][3.654s] GC(2) Pause Cleanup
[2021-02-10T21:00:34.115+0000][3.655s] GC(2) Pause Cleanup 25M->25M(512M) 0.472ms
[2021-02-10T21:00:34.116+0000][3.655s] GC(2) User=0.00s Sys=0.00s Real=0.00s
[2021-02-10T21:00:34.116+0000][3.655s] GC(2) Concurrent Cleanup for Next Mark
[2021-02-10T21:00:34.117+0000][3.657s] GC(2) Concurrent Cleanup for Next Mark 1.556ms
[2021-02-10T21:00:34.118+0000][3.657s] GC(2) Concurrent Cycle 37.340ms
[2021-02-10T21:00:35.662+0000][5.202s] GC(3) Pause Young (Concurrent Start) (G1 Evacuation Pause)
[2021-02-10T21:00:35.663+0000][5.202s] GC(3) Using 8 workers of 8 for evacuation
[2021-02-10T21:00:35.703+0000][5.242s] GC(3)   Pre Evacuate Collection Set: 0.1ms
[2021-02-10T21:00:35.703+0000][5.242s] GC(3)   Evacuate Collection Set: 38.3ms
[2021-02-10T21:00:35.703+0000][5.243s] GC(3)   Post Evacuate Collection Set: 1.1ms
[2021-02-10T21:00:35.704+0000][5.243s] GC(3)   Other: 0.8ms
[2021-02-10T21:00:35.704+0000][5.243s] GC(3) Eden regions: 72->0(116)
[2021-02-10T21:00:35.704+0000][5.244s] GC(3) Survivor regions: 19->5(12)
[2021-02-10T21:00:35.705+0000][5.244s] GC(3) Old regions: 2->21
[2021-02-10T21:00:35.705+0000][5.244s] GC(3) Humongous regions: 4->4
[2021-02-10T21:00:35.705+0000][5.244s] GC(3) Metaspace: 28892K->28892K(1075200K)
[2021-02-10T21:00:35.705+0000][5.245s] GC(3) Pause Young (Concurrent Start) (G1 Evacuation Pause) 95M->27M(512M) 42.679ms
[2021-02-10T21:00:35.705+0000][5.245s] GC(3) User=0.18s Sys=0.00s Real=0.05s
[2021-02-10T21:00:35.706+0000][5.245s] GC(4) Concurrent Cycle
[2021-02-10T21:00:35.706+0000][5.245s] GC(4) Concurrent Clear Claimed Marks
[2021-02-10T21:00:35.706+0000][5.246s] GC(4) Concurrent Clear Claimed Marks 0.405ms
[2021-02-10T21:00:35.706+0000][5.246s] GC(4) Concurrent Scan Root Regions
[2021-02-10T21:00:35.709+0000][5.249s] GC(4) Concurrent Scan Root Regions 2.889ms
[2021-02-10T21:00:35.710+0000][5.249s] GC(4) Concurrent Mark (5.249s)
[2021-02-10T21:00:35.710+0000][5.249s] GC(4) Concurrent Mark From Roots
[2021-02-10T21:00:35.710+0000][5.249s] GC(4) Using 2 workers of 2 for marking
[2021-02-10T21:00:35.745+0000][5.284s] GC(4) Concurrent Mark From Roots 34.867ms
[2021-02-10T21:00:35.745+0000][5.285s] GC(4) Concurrent Preclean
[2021-02-10T21:00:35.746+0000][5.285s] GC(4) Concurrent Preclean 0.613ms
[2021-02-10T21:00:35.746+0000][5.285s] GC(4) Concurrent Mark (5.249s, 5.285s) 36.383ms
[2021-02-10T21:00:35.747+0000][5.286s] GC(4) Pause Remark
[2021-02-10T21:00:35.755+0000][5.295s] GC(4) Cleaned string and symbol table, strings: 12959 processed, 0 removed, symbols: 85039 processed, 65 removed
[2021-02-10T21:00:35.756+0000][5.295s] GC(4) Pause Remark 31M->31M(512M) 9.219ms
[2021-02-10T21:00:35.756+0000][5.295s] GC(4) User=0.05s Sys=0.00s Real=0.01s
[2021-02-10T21:00:35.756+0000][5.296s] GC(4) Concurrent Rebuild Remembered Sets
[2021-02-10T21:00:35.775+0000][5.315s] GC(4) Concurrent Rebuild Remembered Sets 19.087ms
[2021-02-10T21:00:35.776+0000][5.316s] GC(4) Pause Cleanup
[2021-02-10T21:00:35.777+0000][5.316s] GC(4) Pause Cleanup 32M->32M(512M) 0.510ms
[2021-02-10T21:00:35.777+0000][5.316s] GC(4) User=0.00s Sys=0.00s Real=0.00s
[2021-02-10T21:00:35.777+0000][5.317s] GC(4) Concurrent Cleanup for Next Mark
[2021-02-10T21:00:35.779+0000][5.318s] GC(4) Concurrent Cleanup for Next Mark 1.599ms
[2021-02-10T21:00:35.779+0000][5.319s] GC(4) Concurrent Cycle 73.663ms
[2021-02-10T21:00:36.736+0000][6.275s] GC(5) Pause Young (Normal) (G1 Evacuation Pause)
[2021-02-10T21:00:36.736+0000][6.275s] GC(5) Using 8 workers of 8 for evacuation
[2021-02-10T21:00:36.763+0000][6.303s] GC(5)   Pre Evacuate Collection Set: 0.0ms
[2021-02-10T21:00:36.764+0000][6.303s] GC(5)   Evacuate Collection Set: 9.3ms
[2021-02-10T21:00:36.764+0000][6.303s] GC(5)   Post Evacuate Collection Set: 9.5ms
[2021-02-10T21:00:36.764+0000][6.303s] GC(5)   Other: 8.8ms
[2021-02-10T21:00:36.764+0000][6.304s] GC(5) Eden regions: 116->0(301)
[2021-02-10T21:00:36.764+0000][6.304s] GC(5) Survivor regions: 5->6(16)
[2021-02-10T21:00:36.764+0000][6.304s] GC(5) Old regions: 21->21
[2021-02-10T21:00:36.765+0000][6.304s] GC(5) Humongous regions: 4->4
[2021-02-10T21:00:36.765+0000][6.304s] GC(5) Metaspace: 34554K->34554K(1081344K)
[2021-02-10T21:00:36.765+0000][6.304s] GC(5) Pause Young (Normal) (G1 Evacuation Pause) 143M->28M(512M) 29.324ms
[2021-02-10T21:00:36.765+0000][6.305s] GC(5) User=0.08s Sys=0.01s Real=0.03s
[2021-02-10T21:01:41.489+0000][71.028s] Heap
[2021-02-10T21:01:41.489+0000][71.029s]  garbage-first heap   total 524288K, used 298729K [0x00000000e0000000, 0x0000000100000000)
[2021-02-10T21:01:41.489+0000][71.029s]   region size 1024K, 270 young (276480K), 6 survivors (6144K)
[2021-02-10T21:01:41.490+0000][71.029s]  Metaspace       used 44495K, capacity 45580K, committed 45824K, reserved 1089536K
[2021-02-10T21:01:41.490+0000][71.029s]   class space    used 5442K, capacity 5869K, committed 5888K, reserved 1048576K
