[2021-02-10T20:59:25.125+0000][0.011s] Heap region size: 1M
[2021-02-10T20:59:25.305+0000][0.191s] Using G1
[2021-02-10T20:59:25.306+0000][0.192s] Heap address: 0x00000000e0000000, size: 512 MB, Compressed Oops mode: 32-bit
[2021-02-10T20:59:25.306+0000][0.192s] Mark closed archive regions in map: [0x00000000fff00000, 0x00000000fff63ff8]
[2021-02-10T20:59:25.307+0000][0.193s] Mark open archive regions in map: [0x00000000ffe00000, 0x00000000ffe41ff8]
[2021-02-10T20:59:26.035+0000][0.921s] GC(0) Pause Young (Normal) (G1 Evacuation Pause)
[2021-02-10T20:59:26.036+0000][0.922s] GC(0) Using 8 workers of 8 for evacuation
[2021-02-10T20:59:26.049+0000][0.935s] GC(0)   Pre Evacuate Collection Set: 0.0ms
[2021-02-10T20:59:26.049+0000][0.936s] GC(0)   Evacuate Collection Set: 10.2ms
[2021-02-10T20:59:26.049+0000][0.936s] GC(0)   Post Evacuate Collection Set: 0.8ms
[2021-02-10T20:59:26.050+0000][0.936s] GC(0)   Other: 3.4ms
[2021-02-10T20:59:26.050+0000][0.936s] GC(0) Eden regions: 30->0(304)
[2021-02-10T20:59:26.050+0000][0.936s] GC(0) Survivor regions: 0->3(4)
[2021-02-10T20:59:26.050+0000][0.936s] GC(0) Old regions: 2->2
[2021-02-10T20:59:26.050+0000][0.936s] GC(0) Humongous regions: 0->0
[2021-02-10T20:59:26.050+0000][0.937s] GC(0) Metaspace: 6377K->6377K(1056768K)
[2021-02-10T20:59:26.050+0000][0.937s] GC(0) Pause Young (Normal) (G1 Evacuation Pause) 30M->3M(512M) 15.813ms
[2021-02-10T20:59:26.051+0000][0.937s] GC(0) User=0.07s Sys=0.00s Real=0.01s
[2021-02-10T20:59:28.088+0000][2.974s] GC(1) Pause Young (Concurrent Start) (Metadata GC Threshold)
[2021-02-10T20:59:28.089+0000][2.975s] GC(1) Using 8 workers of 8 for evacuation
[2021-02-10T20:59:28.125+0000][3.011s] GC(1)   Pre Evacuate Collection Set: 0.1ms
[2021-02-10T20:59:28.126+0000][3.012s] GC(1)   Evacuate Collection Set: 26.2ms
[2021-02-10T20:59:28.126+0000][3.012s] GC(1)   Post Evacuate Collection Set: 10.1ms
[2021-02-10T20:59:28.126+0000][3.012s] GC(1)   Other: 0.8ms
[2021-02-10T20:59:28.126+0000][3.013s] GC(1) Eden regions: 102->0(80)
[2021-02-10T20:59:28.127+0000][3.013s] GC(1) Survivor regions: 3->19(39)
[2021-02-10T20:59:28.127+0000][3.013s] GC(1) Old regions: 2->2
[2021-02-10T20:59:28.127+0000][3.013s] GC(1) Humongous regions: 4->4
[2021-02-10T20:59:28.127+0000][3.013s] GC(1) Metaspace: 20379K->20379K(1067008K)
[2021-02-10T20:59:28.128+0000][3.014s] GC(1) Pause Young (Concurrent Start) (Metadata GC Threshold) 108M->23M(512M) 39.377ms
[2021-02-10T20:59:28.128+0000][3.014s] GC(1) User=0.14s Sys=0.00s Real=0.04s
[2021-02-10T20:59:28.128+0000][3.014s] GC(2) Concurrent Cycle
[2021-02-10T20:59:28.129+0000][3.015s] GC(2) Concurrent Clear Claimed Marks
[2021-02-10T20:59:28.130+0000][3.016s] GC(2) Concurrent Clear Claimed Marks 0.480ms
[2021-02-10T20:59:28.130+0000][3.016s] GC(2) Concurrent Scan Root Regions
[2021-02-10T20:59:28.141+0000][3.027s] GC(2) Concurrent Scan Root Regions 11.018ms
[2021-02-10T20:59:28.141+0000][3.027s] GC(2) Concurrent Mark (3.027s)
[2021-02-10T20:59:28.141+0000][3.028s] GC(2) Concurrent Mark From Roots
[2021-02-10T20:59:28.142+0000][3.028s] GC(2) Using 2 workers of 2 for marking
[2021-02-10T20:59:28.146+0000][3.033s] GC(2) Concurrent Mark From Roots 4.930ms
[2021-02-10T20:59:28.147+0000][3.033s] GC(2) Concurrent Preclean
[2021-02-10T20:59:28.147+0000][3.034s] GC(2) Concurrent Preclean 0.618ms
[2021-02-10T20:59:28.148+0000][3.034s] GC(2) Concurrent Mark (3.027s, 3.034s) 6.447ms
[2021-02-10T20:59:28.148+0000][3.035s] GC(2) Pause Remark
[2021-02-10T20:59:28.157+0000][3.043s] GC(2) Cleaned string and symbol table, strings: 8916 processed, 0 removed, symbols: 60467 processed, 37 removed
[2021-02-10T20:59:28.158+0000][3.044s] GC(2) Pause Remark 24M->24M(512M) 9.302ms
[2021-02-10T20:59:28.158+0000][3.044s] GC(2) User=0.04s Sys=0.00s Real=0.01s
[2021-02-10T20:59:28.159+0000][3.045s] GC(2) Concurrent Rebuild Remembered Sets
[2021-02-10T20:59:28.161+0000][3.048s] GC(2) Concurrent Rebuild Remembered Sets 2.736ms
[2021-02-10T20:59:28.163+0000][3.049s] GC(2) Pause Cleanup
[2021-02-10T20:59:28.163+0000][3.049s] GC(2) Pause Cleanup 24M->24M(512M) 0.521ms
[2021-02-10T20:59:28.163+0000][3.049s] GC(2) User=0.00s Sys=0.00s Real=0.00s
[2021-02-10T20:59:28.164+0000][3.050s] GC(2) Concurrent Cleanup for Next Mark
[2021-02-10T20:59:28.166+0000][3.052s] GC(2) Concurrent Cleanup for Next Mark 1.780ms
[2021-02-10T20:59:28.166+0000][3.052s] GC(2) Concurrent Cycle 37.766ms
[2021-02-10T20:59:30.080+0000][4.966s] GC(3) Pause Young (Concurrent Start) (G1 Evacuation Pause)
[2021-02-10T20:59:30.081+0000][4.967s] GC(3) Using 8 workers of 8 for evacuation
[2021-02-10T20:59:30.129+0000][5.015s] GC(3)   Pre Evacuate Collection Set: 0.1ms
[2021-02-10T20:59:30.129+0000][5.015s] GC(3)   Evacuate Collection Set: 40.1ms
[2021-02-10T20:59:30.129+0000][5.015s] GC(3)   Post Evacuate Collection Set: 7.5ms
[2021-02-10T20:59:30.130+0000][5.016s] GC(3)   Other: 0.9ms
[2021-02-10T20:59:30.130+0000][5.016s] GC(3) Eden regions: 73->0(114)
[2021-02-10T20:59:30.130+0000][5.016s] GC(3) Survivor regions: 19->5(12)
[2021-02-10T20:59:30.130+0000][5.016s] GC(3) Old regions: 2->20
[2021-02-10T20:59:30.130+0000][5.016s] GC(3) Humongous regions: 4->4
[2021-02-10T20:59:30.130+0000][5.017s] GC(3) Metaspace: 29416K->29416K(1075200K)
[2021-02-10T20:59:30.131+0000][5.017s] GC(3) Pause Young (Concurrent Start) (G1 Evacuation Pause) 96M->27M(512M) 50.360ms
[2021-02-10T20:59:30.131+0000][5.017s] GC(3) User=0.25s Sys=0.01s Real=0.05s
[2021-02-10T20:59:30.132+0000][5.018s] GC(4) Concurrent Cycle
[2021-02-10T20:59:30.136+0000][5.022s] GC(4) Concurrent Clear Claimed Marks
[2021-02-10T20:59:30.142+0000][5.029s] GC(4) Concurrent Clear Claimed Marks 6.338ms
[2021-02-10T20:59:30.143+0000][5.029s] GC(4) Concurrent Scan Root Regions
[2021-02-10T20:59:30.146+0000][5.032s] GC(4) Concurrent Scan Root Regions 2.947ms
[2021-02-10T20:59:30.146+0000][5.032s] GC(4) Concurrent Mark (5.032s)
[2021-02-10T20:59:30.146+0000][5.033s] GC(4) Concurrent Mark From Roots
[2021-02-10T20:59:30.147+0000][5.033s] GC(4) Using 2 workers of 2 for marking
[2021-02-10T20:59:30.183+0000][5.069s] GC(4) Concurrent Mark From Roots 36.694ms
[2021-02-10T20:59:30.183+0000][5.070s] GC(4) Concurrent Preclean
[2021-02-10T20:59:30.185+0000][5.071s] GC(4) Concurrent Preclean 1.102ms
[2021-02-10T20:59:30.185+0000][5.071s] GC(4) Concurrent Mark (5.032s, 5.071s) 38.994ms
[2021-02-10T20:59:30.186+0000][5.072s] GC(4) Pause Remark
[2021-02-10T20:59:30.190+0000][5.076s] GC(4) Cleaned string and symbol table, strings: 13120 processed, 0 removed, symbols: 86571 processed, 65 removed
[2021-02-10T20:59:30.191+0000][5.077s] GC(4) Pause Remark 30M->30M(512M) 4.773ms
[2021-02-10T20:59:30.191+0000][5.077s] GC(4) User=0.01s Sys=0.00s Real=0.00s
[2021-02-10T20:59:30.191+0000][5.077s] GC(4) Concurrent Rebuild Remembered Sets
[2021-02-10T20:59:30.204+0000][5.091s] GC(4) Concurrent Rebuild Remembered Sets 13.226ms
[2021-02-10T20:59:30.205+0000][5.091s] GC(4) Pause Cleanup
[2021-02-10T20:59:30.206+0000][5.092s] GC(4) Pause Cleanup 31M->31M(512M) 0.627ms
[2021-02-10T20:59:30.206+0000][5.092s] GC(4) User=0.00s Sys=0.00s Real=0.00s
[2021-02-10T20:59:30.207+0000][5.093s] GC(4) Concurrent Cleanup for Next Mark
[2021-02-10T20:59:30.209+0000][5.095s] GC(4) Concurrent Cleanup for Next Mark 1.901ms
[2021-02-10T20:59:30.209+0000][5.095s] GC(4) Concurrent Cycle 76.764ms
[2021-02-10T20:59:31.232+0000][6.118s] GC(5) Pause Young (Normal) (G1 Evacuation Pause)
[2021-02-10T20:59:31.232+0000][6.118s] GC(5) Using 8 workers of 8 for evacuation
[2021-02-10T20:59:31.276+0000][6.162s] GC(5)   Pre Evacuate Collection Set: 0.0ms
[2021-02-10T20:59:31.276+0000][6.162s] GC(5)   Evacuate Collection Set: 11.6ms
[2021-02-10T20:59:31.276+0000][6.162s] GC(5)   Post Evacuate Collection Set: 31.8ms
[2021-02-10T20:59:31.276+0000][6.163s] GC(5)   Other: 0.8ms
[2021-02-10T20:59:31.277+0000][6.163s] GC(5) Eden regions: 114->0(154)
[2021-02-10T20:59:31.277+0000][6.163s] GC(5) Survivor regions: 5->6(15)
[2021-02-10T20:59:31.277+0000][6.163s] GC(5) Old regions: 20->20
[2021-02-10T20:59:31.277+0000][6.163s] GC(5) Humongous regions: 4->4
[2021-02-10T20:59:31.277+0000][6.163s] GC(5) Metaspace: 34606K->34606K(1081344K)
[2021-02-10T20:59:31.277+0000][6.163s] GC(5) Pause Young (Normal) (G1 Evacuation Pause) 141M->28M(512M) 45.554ms
[2021-02-10T20:59:31.277+0000][6.164s] GC(5) User=0.26s Sys=0.00s Real=0.05s
[2021-02-10T20:59:33.919+0000][8.805s] GC(6) Pause Young (Normal) (G1 Evacuation Pause)
[2021-02-10T20:59:33.919+0000][8.805s] GC(6) Using 8 workers of 8 for evacuation
[2021-02-10T20:59:33.944+0000][8.830s] GC(6)   Pre Evacuate Collection Set: 0.0ms
[2021-02-10T20:59:33.944+0000][8.830s] GC(6)   Evacuate Collection Set: 20.5ms
[2021-02-10T20:59:33.944+0000][8.830s] GC(6)   Post Evacuate Collection Set: 4.0ms
[2021-02-10T20:59:33.944+0000][8.831s] GC(6)   Other: 0.7ms
[2021-02-10T20:59:33.945+0000][8.831s] GC(6) Eden regions: 154->0(198)
[2021-02-10T20:59:33.945+0000][8.831s] GC(6) Survivor regions: 6->8(20)
[2021-02-10T20:59:33.945+0000][8.831s] GC(6) Old regions: 20->20
[2021-02-10T20:59:33.945+0000][8.831s] GC(6) Humongous regions: 5->4
[2021-02-10T20:59:33.945+0000][8.831s] GC(6) Metaspace: 39282K->39282K(1085440K)
[2021-02-10T20:59:33.945+0000][8.831s] GC(6) Pause Young (Normal) (G1 Evacuation Pause) 183M->30M(512M) 26.637ms
[2021-02-10T20:59:33.945+0000][8.832s] GC(6) User=0.13s Sys=0.00s Real=0.03s
[2021-02-10T21:00:13.504+0000][48.390s] Heap
[2021-02-10T21:00:13.504+0000][48.390s]  garbage-first heap   total 524288K, used 136785K [0x00000000e0000000, 0x0000000100000000)
[2021-02-10T21:00:13.504+0000][48.390s]   region size 1024K, 112 young (114688K), 8 survivors (8192K)
[2021-02-10T21:00:13.504+0000][48.391s]  Metaspace       used 44099K, capacity 45175K, committed 45568K, reserved 1089536K
[2021-02-10T21:00:13.505+0000][48.391s]   class space    used 5385K, capacity 5817K, committed 5888K, reserved 1048576K
